#@# GENERATED FILE: DO NOT MODIFY 31d4b2f2ff5619a5d967b3186fc42c9d6888dd96 #@#
{
  "foo" : {
    "deps" : [
      "//:bar"
    ],
    "exported_deps" : [ ]
  }
}
