#@# GENERATED FILE: DO NOT MODIFY ff92cd4b15712e2b1824b48289b585572d6c1ae1 #@#
{
  "baz" : {
    "deps" : [
      "//java/com/example:a",
      "//java/com/example:b",
      "//java/com/example:c",
      "//java/com/example:d",
      "//java/com/example:e",
      "//java/com/example:f",
      "//java/com/example:g",
      "//java/com/example:h",
      "//java/com/example:i"
    ],
    "exported_deps" : [ ]
  }
}
