#@# GENERATED FILE: DO NOT MODIFY 659bcf3f8b3c865c109850d6463695cab623eb08 #@#
{
  "bar" : {
    "deps" : [
      "//java/com/example/baz:baz"
    ],
    "exported_deps" : [ ]
  },
  "foo" : {
    "deps" : [
      "//java/com/example:bar",
      "//java/com/example/baz:baz"
    ],
    "exported_deps" : [ ]
  }
}
